******************************************************************************
                  TI ARM Linker Unix v20.2.7                   
******************************************************************************
>> Linked Tue Nov 29 17:51:18 2022

OUTPUT FILE NAME:   <CENG2400_project.out>
ENTRY POINT SYMBOL: "_c_int00_noargs"  address: 00001105


MEMORY CONFIGURATION

         name            origin    length      used     unused   attr    fill
----------------------  --------  ---------  --------  --------  ----  --------
  FLASH                 00000000   00040000  000014e2  0003eb1e  R  X
  SRAM                  20000000   00008000  00000245  00007dbb  RW X


SEGMENT ALLOCATION MAP

run origin  load origin   length   init length attrs members
----------  ----------- ---------- ----------- ----- -------
00000000    00000000    000014e8   000014e8    r-x
  00000000    00000000    0000026c   0000026c    r-- .intvecs
  0000026c    0000026c    000010aa   000010aa    r-x .text
  00001318    00001318    0000019c   0000019c    r-- .const
  000014b8    000014b8    00000030   00000030    r-- .cinit
20000000    20000000    00000245   00000000    rw-
  20000000    20000000    00000200   00000000    rw- .stack
  20000200    20000200    00000040   00000000    rw- .bss
  20000240    20000240    00000005   00000000    rw- .data


SECTION ALLOCATION MAP

 output                                  attributes/
section   page    origin      length       input sections
--------  ----  ----------  ----------   ----------------
.intvecs   0    00000000    0000026c     
                  00000000    0000026c     tm4c123gh6pm_startup_ccs.obj (.intvecs)

.text      0    0000026c    000010aa     
                  0000026c    00000874     main.obj (.text)
                  00000ae0    00000132     driverlib.lib : gpio.obj (.text:GPIOPadConfigSet)
                  00000c12    00000002     rtsv7M4_T_le_v4SPD16_eabi.lib : div0.asm.obj (.text)
                  00000c14    00000110     driverlib.lib : sysctl.obj (.text:SysCtlClockGet)
                  00000d24    000000f4                   : sysctl.obj (.text:SysCtlClockSet)
                  00000e18    0000009c     rtsv7M4_T_le_v4SPD16_eabi.lib : memcpy_t2.asm.obj (.text)
                  00000eb4    00000068     driverlib.lib : interrupt.obj (.text:IntEnable)
                  00000f1c    00000068     rtsv7M4_T_le_v4SPD16_eabi.lib : copy_decompress_lzss.c.obj (.text:decompress:lzss:__TI_decompress_lzss)
                  00000f84    00000048     driverlib.lib : gpio.obj (.text:GPIOPinConfigure)
                  00000fcc    00000046                   : uart.obj (.text:UARTConfigSetExpClk)
                  00001012    00000002     --HOLE-- [fill = 0]
                  00001014    00000044     rtsv7M4_T_le_v4SPD16_eabi.lib : autoinit.c.obj (.text:__TI_auto_init_nobinit_nopinit:__TI_auto_init_nobinit_nopinit)
                  00001058    00000040                                   : u_divt2.asm.obj (.text)
                  00001098    00000038     driverlib.lib : sysctl.obj (.text:SysCtlPeripheralPresent)
                  000010d0    00000034                   : sysctl.obj (.text:SysCtlPeripheralEnable)
                  00001104    00000034     rtsv7M4_T_le_v4SPD16_eabi.lib : boot_cortex_m.c.obj (.text:_c_int00_noargs:_c_int00_noargs)
                  00001138    0000002a     driverlib.lib : gpio.obj (.text:GPIODirModeSet)
                  00001162    00000022                   : pwm.obj (.text:PWMGenConfigure)
                  00001184    00000020                   : uart.obj (.text:UARTDisable)
                  000011a4    0000001e                   : pwm.obj (.text:PWMPulseWidthSet)
                  000011c2    0000001c     rtsv7M4_T_le_v4SPD16_eabi.lib : copy_zero_init.c.obj (.text:decompress:ZI:__TI_zero_init_nomemset:__TI_zero_init_nomemset)
                  000011de    00000018     driverlib.lib : gpio.obj (.text:GPIOPinTypeGPIOOutput)
                  000011f6    00000002     --HOLE-- [fill = 0]
                  000011f8    00000014                   : sysctl.obj (.text:SysCtlPWMClockSet)
                  0000120c    00000014                   : uart.obj (.text:UARTEnable)
                  00001220    00000014     rtsv7M4_T_le_v4SPD16_eabi.lib : strlen.c.obj (.text:strlen)
                  00001234    00000012     driverlib.lib : gpio.obj (.text:GPIOPinTypePWM)
                  00001246    00000012                   : gpio.obj (.text:GPIOPinTypeUART)
                  00001258    00000012                   : pwm.obj (.text:PWMOutputState)
                  0000126a    00000010                   : interrupt.obj (.text:IntMasterEnable)
                  0000127a    00000010                   : pwm.obj (.text:PWMGenPeriodSet)
                  0000128a    0000000e                   : uart.obj (.text:UARTCharGetNonBlocking)
                  00001298    0000000e                   : uart.obj (.text:UARTCharsAvail)
                  000012a6    0000000e     rtsv7M4_T_le_v4SPD16_eabi.lib : copy_decompress_none.c.obj (.text:decompress:none:__TI_decompress_none)
                  000012b4    0000000c     driverlib.lib : cpu.obj (.text:CPUcpsie)
                  000012c0    0000000c                   : pwm.obj (.text:PWMGenEnable)
                  000012cc    0000000c     tm4c123gh6pm_startup_ccs.obj (.text)
                  000012d8    0000000a     driverlib.lib : uart.obj (.text:UARTCharGet)
                  000012e2    0000000a                   : uart.obj (.text:UARTCharPut)
                  000012ec    0000000a                   : uart.obj (.text:UARTIntStatus)
                  000012f6    00000008                   : uart.obj (.text:UARTIntEnable)
                  000012fe    00000006                   : gpio.obj (.text:GPIOPinWrite)
                  00001304    00000006                   : sysctl.obj (.text:SysCtlDelay)
                  0000130a    00000004                   : uart.obj (.text:UARTIntClear)
                  0000130e    00000004     rtsv7M4_T_le_v4SPD16_eabi.lib : pre_init.c.obj (.text:_system_pre_init)
                  00001312    00000004                                   : exit.c.obj (.text:abort:abort)

.const     0    00001318    0000019c     
                  00001318    00000090     driverlib.lib : gpio.obj (.const:g_pui32GPIOBaseAddrs)
                  000013a8    00000070                   : interrupt.obj (.const)
                  00001418    0000006c                   : sysctl.obj (.const:g_pui32Xtals)
                  00001484    00000012     main.obj (.const:.string)
                  00001496    00000002     --HOLE-- [fill = 0]
                  00001498    0000000c     main.obj (.const:g_ui32UARTBase)
                  000014a4    0000000c     main.obj (.const:g_ui32UARTPeriph)
                  000014b0    00000004     main.obj (.const)

.cinit     0    000014b8    00000030     
                  000014b8    0000000c     (__TI_handler_table)
                  000014c4    00000004     --HOLE-- [fill = 0]
                  000014c8    00000008     (.cinit..bss.load) [load image, compression = zero_init]
                  000014d0    00000007     (.cinit..data.load) [load image, compression = lzss]
                  000014d7    00000001     --HOLE-- [fill = 0]
                  000014d8    00000010     (__TI_cinit_table)

.init_array 
*          0    00000000    00000000     UNINITIALIZED

.bss       0    20000200    00000040     UNINITIALIZED
                  20000200    00000034     (.common:angle)
                  20000234    00000004     (.common:ui32Load)
                  20000238    00000004     (.common:ui8AdjustLow)
                  2000023c    00000004     (.common:ui8AdjustUp)

.data      0    20000240    00000005     UNINITIALIZED
                  20000240    00000005     main.obj (.data)

.stack     0    20000000    00000200     UNINITIALIZED
                  20000000    00000004     rtsv7M4_T_le_v4SPD16_eabi.lib : boot_cortex_m.c.obj (.stack)
                  20000004    000001fc     --HOLE--

__llvm_prf_cnts 
*          0    20000000    00000000     UNINITIALIZED

MODULE SUMMARY

       Module                         code   ro data   rw data
       ------                         ----   -------   -------
    ./
       main.obj                       2164   46        69     
       tm4c123gh6pm_startup_ccs.obj   12     620       0      
    +--+------------------------------+------+---------+---------+
       Total:                         2176   666       69     
                                                              
    /Applications/ti/TivaWare_C_Series-2.1.4.178/driverlib/ccs/Debug/driverlib.lib
       sysctl.obj                     650    108       0      
       gpio.obj                       486    144       0      
       interrupt.obj                  120    112       0      
       uart.obj                       192    0         0      
       pwm.obj                        110    0         0      
       cpu.obj                        12     0         0      
    +--+------------------------------+------+---------+---------+
       Total:                         1570   364       0      
                                                              
    /Applications/ti/ccs1210/ccs/tools/compiler/ti-cgt-arm_20.2.7.LTS/lib/rtsv7M4_T_le_v4SPD16_eabi.lib
       memcpy_t2.asm.obj              156    0         0      
       copy_decompress_lzss.c.obj     104    0         0      
       autoinit.c.obj                 68     0         0      
       u_divt2.asm.obj                64     0         0      
       boot_cortex_m.c.obj            52     0         0      
       copy_zero_init.c.obj           28     0         0      
       strlen.c.obj                   20     0         0      
       copy_decompress_none.c.obj     14     0         0      
       exit.c.obj                     4      0         0      
       pre_init.c.obj                 4      0         0      
       div0.asm.obj                   2      0         0      
    +--+------------------------------+------+---------+---------+
       Total:                         516    0         0      
                                                              
       Stack:                         0      0         512    
       Linker Generated:              0      43        0      
    +--+------------------------------+------+---------+---------+
       Grand Total:                   4262   1073      581    


LINKER GENERATED COPY TABLES

__TI_cinit_table @ 000014d8 records: 2, size/record: 8, table size: 16
	.bss: load addr=000014c8, load size=00000008 bytes, run addr=20000200, run size=00000040 bytes, compression=zero_init
	.data: load addr=000014d0, load size=00000007 bytes, run addr=20000240, run size=00000005 bytes, compression=lzss


LINKER GENERATED HANDLER TABLE

__TI_handler_table @ 000014b8 records: 3, size/record: 4, table size: 12
	index: 0, handler: __TI_decompress_lzss
	index: 1, handler: __TI_decompress_none
	index: 2, handler: __TI_zero_init


GLOBAL SYMBOLS: SORTED ALPHABETICALLY BY Name 

address   name                          
-------   ----                          
00001313  C$$EXIT                       
000012b5  CPUcpsie                      
00001139  GPIODirModeSet                
00000ae1  GPIOPadConfigSet              
00000f85  GPIOPinConfigure              
000011df  GPIOPinTypeGPIOOutput         
00001235  GPIOPinTypePWM                
00001247  GPIOPinTypeUART               
000012ff  GPIOPinWrite                  
00000eb5  IntEnable                     
0000126b  IntMasterEnable               
00001163  PWMGenConfigure               
000012c1  PWMGenEnable                  
0000127b  PWMGenPeriodSet               
00001259  PWMOutputState                
000011a5  PWMPulseWidthSet              
000012cd  ResetISR                      
00000c15  SysCtlClockGet                
00000d25  SysCtlClockSet                
00001305  SysCtlDelay                   
000011f9  SysCtlPWMClockSet             
000010d1  SysCtlPeripheralEnable        
00001099  SysCtlPeripheralPresent       
000009bd  UART5IntHandler               
000012d9  UARTCharGet                   
0000128b  UARTCharGetNonBlocking        
000012e3  UARTCharPut                   
00001299  UARTCharsAvail                
00000fcd  UARTConfigSetExpClk           
00001185  UARTDisable                   
0000120d  UARTEnable                    
0000130b  UARTIntClear                  
000012f7  UARTIntEnable                 
000012ed  UARTIntStatus                 
0000026d  UARTStdioConfig               
000003b3  UARTgetc                      
000002f9  UARTgets                      
000006d3  UARTprintf                    
000003d9  UARTvprintf                   
000002b3  UARTwrite                     
20000200  __STACK_END                   
00000200  __STACK_SIZE                  
20000200  __STACK_TOP                   
000014d8  __TI_CINIT_Base               
000014e8  __TI_CINIT_Limit              
000014b8  __TI_Handler_Table_Base       
000014c4  __TI_Handler_Table_Limit      
00001015  __TI_auto_init_nobinit_nopinit
00000f1d  __TI_decompress_lzss          
000012a7  __TI_decompress_none          
ffffffff  __TI_pprof_out_hndl           
ffffffff  __TI_prof_data_size           
ffffffff  __TI_prof_data_start          
00000000  __TI_static_base__            
000011c3  __TI_zero_init_nomemset       
00000c13  __aeabi_idiv0                 
00000c13  __aeabi_ldiv0                 
00000e19  __aeabi_memcpy                
00000e19  __aeabi_memcpy4               
00000e19  __aeabi_memcpy8               
00001059  __aeabi_uidiv                 
00001059  __aeabi_uidivmod              
ffffffff  __binit__                     
ffffffff  __c_args__                    
UNDEFED   __mpu_init                    
20000000  __stack                       
20000000  __start___llvm_prf_cnts       
20000000  __stop___llvm_prf_cnts        
00001105  _c_int00_noargs               
UNDEFED   _system_post_cinit            
0000130f  _system_pre_init              
00001313  abort                         
20000200  angle                         
ffffffff  binit                         
00000000  g_pfnVectors                  
00000815  main                          
00000e19  memcpy                        
000006fb  str_to_value                  
00001221  strlen                        
20000234  ui32Load                      
20000238  ui8AdjustLow                  
2000023c  ui8AdjustUp                   


GLOBAL SYMBOLS: SORTED BY Symbol Address 

address   name                          
-------   ----                          
00000000  __TI_static_base__            
00000000  g_pfnVectors                  
00000200  __STACK_SIZE                  
0000026d  UARTStdioConfig               
000002b3  UARTwrite                     
000002f9  UARTgets                      
000003b3  UARTgetc                      
000003d9  UARTvprintf                   
000006d3  UARTprintf                    
000006fb  str_to_value                  
00000815  main                          
000009bd  UART5IntHandler               
00000ae1  GPIOPadConfigSet              
00000c13  __aeabi_idiv0                 
00000c13  __aeabi_ldiv0                 
00000c15  SysCtlClockGet                
00000d25  SysCtlClockSet                
00000e19  __aeabi_memcpy                
00000e19  __aeabi_memcpy4               
00000e19  __aeabi_memcpy8               
00000e19  memcpy                        
00000eb5  IntEnable                     
00000f1d  __TI_decompress_lzss          
00000f85  GPIOPinConfigure              
00000fcd  UARTConfigSetExpClk           
00001015  __TI_auto_init_nobinit_nopinit
00001059  __aeabi_uidiv                 
00001059  __aeabi_uidivmod              
00001099  SysCtlPeripheralPresent       
000010d1  SysCtlPeripheralEnable        
00001105  _c_int00_noargs               
00001139  GPIODirModeSet                
00001163  PWMGenConfigure               
00001185  UARTDisable                   
000011a5  PWMPulseWidthSet              
000011c3  __TI_zero_init_nomemset       
000011df  GPIOPinTypeGPIOOutput         
000011f9  SysCtlPWMClockSet             
0000120d  UARTEnable                    
00001221  strlen                        
00001235  GPIOPinTypePWM                
00001247  GPIOPinTypeUART               
00001259  PWMOutputState                
0000126b  IntMasterEnable               
0000127b  PWMGenPeriodSet               
0000128b  UARTCharGetNonBlocking        
00001299  UARTCharsAvail                
000012a7  __TI_decompress_none          
000012b5  CPUcpsie                      
000012c1  PWMGenEnable                  
000012cd  ResetISR                      
000012d9  UARTCharGet                   
000012e3  UARTCharPut                   
000012ed  UARTIntStatus                 
000012f7  UARTIntEnable                 
000012ff  GPIOPinWrite                  
00001305  SysCtlDelay                   
0000130b  UARTIntClear                  
0000130f  _system_pre_init              
00001313  C$$EXIT                       
00001313  abort                         
000014b8  __TI_Handler_Table_Base       
000014c4  __TI_Handler_Table_Limit      
000014d8  __TI_CINIT_Base               
000014e8  __TI_CINIT_Limit              
20000000  __stack                       
20000000  __start___llvm_prf_cnts       
20000000  __stop___llvm_prf_cnts        
20000200  __STACK_END                   
20000200  __STACK_TOP                   
20000200  angle                         
20000234  ui32Load                      
20000238  ui8AdjustLow                  
2000023c  ui8AdjustUp                   
ffffffff  __TI_pprof_out_hndl           
ffffffff  __TI_prof_data_size           
ffffffff  __TI_prof_data_start          
ffffffff  __binit__                     
ffffffff  __c_args__                    
ffffffff  binit                         
UNDEFED   __mpu_init                    
UNDEFED   _system_post_cinit            

[82 symbols]
